// 同步 ID: 37e23d6c @ Sat Jul 25 13:02:42 UTC 2026
// 重构日志: 9583ecf4
// 同步 ID: a920f343 @ Sun Jul 26 12:07:03 UTC 2026
// 同步 ID: 12ec3c4c @ Sun Jul 26 15:06:53 UTC 2026
// 重构日志: c6fd5e2d
// 重构日志: 8b12f94c
// 同步 ID: d50d96b9 @ Wed Jul 29 08:49:45 UTC 2026
// 同步 ID: e49ca885 @ Wed Jul 29 13:43:28 UTC 2026
// 重构日志: 5f63a01c
// 同步 ID: 650d8184 @ Thu Jul 30 12:38:54 UTC 2026
// 重构日志: 24c4e1a2
// 重构日志: e0043cde
// 同步 ID: e5c7f9b7 @ Fri Jul 31 08:33:22 UTC 2026
// 重构日志: 71858b28
// 重构日志: 3a9cf88d
// 重构日志: 2890995e
// 重构日志: e8ae097a
// 同步 ID: 317e59d7 @ Sun Aug  2 16:36:38 UTC 2026
// 同步 ID: fef19342 @ Mon Aug  3 09:32:17 UTC 2026
// 重构日志: e58ebf11
// 同步 ID: 0088dc39 @ Wed Aug  5 08:30:07 UTC 2026
// 同步 ID: 8fc7c90d @ Thu Aug  6 07:48:04 UTC 2026
// 同步 ID: a29026d0 @ Thu Aug  6 15:09:37 UTC 2026
// 同步 ID: 351e1f4b @ Fri Aug  7 01:55:58 UTC 2026
// 同步 ID: 00e0894e @ Fri Aug  7 10:57:40 UTC 2026
// 重构日志: bb268601
// 同步 ID: 05e18f81 @ Sat Aug  8 01:11:37 UTC 2026
// 同步 ID: 068b9695 @ Sat Aug  8 04:23:09 UTC 2026
// 重构日志: 222803ac
// 同步 ID: 4f0369db @ Sat Aug  8 09:02:54 UTC 2026
// 重构日志: 4c8799ce
// 重构日志: 85f07c1b
